src/ubc/midp/mobilephoto/core/comms/BaseMessaging.java
src/ubc/midp/mobilephoto/core/comms/HttpMessaging.java
src/ubc/midp/mobilephoto/core/threads/BaseThread.java
src/ubc/midp/mobilephoto/core/ui/MainUIMidlet.java
src/ubc/midp/mobilephoto/core/ui/controller/BaseController.java
src/ubc/midp/mobilephoto/core/ui/controller/ControllerInterface.java
src/ubc/midp/mobilephoto/core/ui/datamodel/AlbumData.java
src/ubc/midp/mobilephoto/core/ui/datamodel/ImageAccessor.java
src/ubc/midp/mobilephoto/core/ui/datamodel/ImageData.java
src/ubc/midp/mobilephoto/core/ui/screens/AlbumListScreen.java
src/ubc/midp/mobilephoto/core/ui/screens/NewAlbumScreen.java
src/ubc/midp/mobilephoto/core/ui/screens/AddPhotoToAlbum.java
src/ubc/midp/mobilephoto/core/ui/screens/PhotoListScreen.java
src/ubc/midp/mobilephoto/core/ui/screens/PhotoViewScreen.java
src/ubc/midp/mobilephoto/core/ui/screens/SplashScreen.java
src/ubc/midp/mobilephoto/core/util/Constants.java
src/ubc/midp/mobilephoto/core/util/ImageUtil.java
src/lancs/midp/mobilephoto/lib/exceptions/ImageNotFoundException.java
src/lancs/midp/mobilephoto/lib/exceptions/ImagePathNotValidException.java
src/lancs/midp/mobilephoto/lib/exceptions/InvalidArrayFormatException.java
src/lancs/midp/mobilephoto/lib/exceptions/InvalidImageDataException.java
src/lancs/midp/mobilephoto/lib/exceptions/InvalidImageFormatException.java
src/lancs/midp/mobilephoto/lib/exceptions/NullAlbumDataReference.java
src/lancs/midp/mobilephoto/lib/exceptions/PersistenceMechanismException.java
src/lancs/midp/mobilephoto/lib/exceptions/UnavailablePhotoAlbumException.java
src/lancs/midp/mobilephoto/lib/exceptions/InvalidPhotoAlbumNameException.java
