ubc/midp/mobilephoto/core/comms/BaseMessaging.java
ubc/midp/mobilephoto/core/comms/HttpMessaging.java
ubc/midp/mobilephoto/core/threads/BaseThread.java
ubc/midp/mobilephoto/core/ui/MainUIMidlet.java
ubc/midp/mobilephoto/core/ui/controller/BaseController.java
ubc/midp/mobilephoto/core/ui/datamodel/AlbumData.java
ubc/midp/mobilephoto/core/ui/datamodel/ImageAccessor.java
ubc/midp/mobilephoto/core/ui/datamodel/ImageData.java
ubc/midp/mobilephoto/core/ui/screens/AlbumListScreen.java
ubc/midp/mobilephoto/core/ui/screens/NewAlbumScreen.java
ubc/midp/mobilephoto/core/ui/screens/PhotoListScreen.java
ubc/midp/mobilephoto/core/ui/screens/PhotoViewScreen.java
ubc/midp/mobilephoto/core/ui/screens/SplashScreen.java
ubc/midp/mobilephoto/core/util/Constants.java
ubc/midp/mobilephoto/core/util/ImageUtil.java
ubc/midp/mobilephoto/sms/NetworkScreen.java
ubc/midp/mobilephoto/sms/SmsMessaging.java
ubc/midp/mobilephoto/sms/SmsReceiverThread.java
ubc/midp/mobilephoto/sms/SmsSenderThread.java
ubc/midp/mobilephoto/sms/SmsController.java
ubc/midp/mobilephoto/blackberry/BlackberryEmailController.java
ubc/midp/mobilephoto/blackberry/EmailSenderThread.java
ubc/midp/mobilephoto/blackberry/SendMailScreen.java
ubc/midp/mobilephoto/motorola/IncomingCallReceiver.java
ubc/midp/mobilephoto/motorola/MotoIncomingCallController.java
ubc/midp/mobilephoto/pim/ContactListSelectThread.java
ubc/midp/mobilephoto/pim/ItemDisplayScreen.java
ubc/midp/mobilephoto/pim/ItemSelectionScreen.java
ubc/midp/mobilephoto/pim/ListSelectionScreen.java
ubc/midp/mobilephoto/pim/ListTypeSelectionScreen.java
ubc/midp/mobilephoto/pim/PimController.java
ubc/midp/mobilephoto/siemens/Composition.java
ubc/midp/mobilephoto/siemens/Melodies.java
ubc/midp/mobilephoto/siemens/Note.java
ubc/midp/mobilephoto/siemens/PlayForm.java
ubc/midp/mobilephoto/siemens/PlayMelodyThread.java
ubc/midp/mobilephoto/siemens/SiemenPlayMelodyController.java
