src/ubc/midp/mobilephoto/core/comms/BaseMessaging.java
src/ubc/midp/mobilephoto/core/comms/HttpMessaging.java
src/ubc/midp/mobilephoto/core/threads/BaseThread.java
src/ubc/midp/mobilephoto/core/ui/MainUIMidlet.java
src/ubc/midp/mobilephoto/core/ui/controller/BaseController.java
src/ubc/midp/mobilephoto/core/ui/controller/ControllerInterface.java
src/ubc/midp/mobilephoto/core/ui/datamodel/AlbumData.java
src/ubc/midp/mobilephoto/core/ui/datamodel/ImageAccessor.java
src/ubc/midp/mobilephoto/core/ui/datamodel/ImageData.java
src/ubc/midp/mobilephoto/core/ui/screens/AlbumListScreen.java
src/ubc/midp/mobilephoto/core/ui/screens/NewAlbumScreen.java
src/ubc/midp/mobilephoto/core/ui/screens/AddPhotoToAlbum.java
src/ubc/midp/mobilephoto/core/ui/screens/PhotoListScreen.java
src/ubc/midp/mobilephoto/core/ui/screens/PhotoViewScreen.java
src/ubc/midp/mobilephoto/core/ui/screens/SplashScreen.java
src/ubc/midp/mobilephoto/core/util/Constants.java
src/ubc/midp/mobilephoto/core/util/ImageUtil.java
src/ubc/midp/mobilephoto/blackberry/BlackberryEmailController.java
src/ubc/midp/mobilephoto/blackberry/EmailSenderThread.java
src/ubc/midp/mobilephoto/blackberry/SendMailScreen.java
